[INFO] Scanning for projects...
[INFO] 
[INFO] ---------------------< com.hotel:hotel-management >---------------------
[INFO] Building Hotel Management System 1.0-SNAPSHOT
[INFO]   from pom.xml
[INFO] --------------------------------[ jar ]---------------------------------
[INFO] 
[INFO] --- resources:3.3.1:resources (default-resources) @ hotel-management ---
[INFO] Copying 1 resource from src\main\resources to target\classes
[INFO] 
[INFO] --- compiler:3.11.0:compile (default-compile) @ hotel-management ---
[INFO] Nothing to compile - all classes are up to date
[INFO] ------------------------------------------------------------------------
[INFO] BUILD SUCCESS
[INFO] ------------------------------------------------------------------------
[INFO] Total time:  0.748 s
[INFO] Finished at: 2026-03-29T23:46:45+05:30
[INFO] ------------------------------------------------------------------------
